// Jest Snapshot v1, https://goo.gl/fbAQLP

exports[`<FiveDayForecast  /> should match snapshot 1`] = `
<div
  class="FiveDayForecast__FiveDayForecastFrame-sc-1mi2i0i-0"
/>
`;
