// Jest Snapshot v1, https://goo.gl/fbAQLP

exports[`<CurrentWeather  /> should match snapshot 1`] = `null`;
