// Jest Snapshot v1, https://goo.gl/fbAQLP

exports[`<SearchResultList  /> should match snapshot 1`] = `
.c0 {
  list-style-type: none;
  position: absolute;
  width: 20%;
  margin-top: 45px;
  display: -webkit-box;
  display: -webkit-flex;
  display: -ms-flexbox;
  display: flex;
  margin-left: -30px;
  -webkit-flex-direction: column;
  -ms-flex-direction: column;
  flex-direction: column;
}

@media (max-width:768px) {
  .c0 {
    margin-top: 55px;
  }
}

<ul
  class="c0"
/>
`;
