// Jest Snapshot v1, https://goo.gl/fbAQLP

exports[`<Gauge  /> should match snapshot 1`] = `
.c0 {
  margin-top: 40px;
  margin-left: 20px;
  width: 160px;
  font-family: 'Roboto',sans-serif;
  font-size: 32px;
  color: #004033;
}

.c1 {
  width: 100%;
  height: 0;
  padding-bottom: 50%;
  background: #b4c0be;
  position: relative;
  border-top-left-radius: 100% 200%;
  border-top-right-radius: 100% 200%;
  overflow: hidden;
}

.c2 {
  position: absolute;
  top: 100%;
  left: 0;
  width: inherit;
  height: 100%;
  background: #009578;
  -webkit-transform-origin: center top;
  -ms-transform-origin: center top;
  transform-origin: center top;
  -webkit-transform: rotate(0.NaNturn);
  -ms-transform: rotate(0.NaNturn);
  transform: rotate(0.NaNturn);
  -webkit-transition: -webkit-transform 0.2s ease-out;
  -webkit-transition: transform 0.2s ease-out;
  transition: transform 0.2s ease-out;
}

.c3 {
  width: 75%;
  height: 150%;
  background: #ffffff;
  border-radius: 50%;
  position: absolute;
  top: 25%;
  left: 50%;
  -webkit-transform: translateX(-50%);
  -ms-transform: translateX(-50%);
  transform: translateX(-50%);
  display: -webkit-box;
  display: -webkit-flex;
  display: -ms-flexbox;
  display: flex;
  -webkit-align-items: center;
  -webkit-box-align: center;
  -ms-flex-align: center;
  align-items: center;
  -webkit-box-pack: center;
  -webkit-justify-content: center;
  -ms-flex-pack: center;
  justify-content: center;
  padding-bottom: 25%;
  box-sizing: border-box;
}

<div
  class="c0"
>
  <div
    class="c1"
  >
    <div
      class="c2"
      fill="NaN"
    />
    <div
      class="c3"
    />
  </div>
</div>
`;
