// Jest Snapshot v1, https://goo.gl/fbAQLP

exports[`<ConditionListItem  /> should match snapshot 1`] = `
.c0 {
  margin-right: 20px;
  margin-bottom: 20px;
  padding: 20px;
  background-color: #ffffff;
  border-radius: 12px;
  width: 240px;
  height: 220px;
  text-align: center;
  -webkit-box-shadow: 3px 5px 7px -4px rgba(0,0,0,0.57);
  box-shadow: 3px 5px 7px -4px rgba(0,0,0,0.57);
}

.c1 {
  font-weight: bold;
  -webkit-letter-spacing: 1px;
  -moz-letter-spacing: 1px;
  -ms-letter-spacing: 1px;
  letter-spacing: 1px;
}

<div
  class="c0"
>
  <div
    class="c1"
  />
  <div
    class="ConditionListItem__ConditionListItemData-sc-10b7pfs-2"
  >
    <p />
  </div>
</div>
`;
