// Jest Snapshot v1, https://goo.gl/fbAQLP

exports[`<Navbar  /> should match snapshot 1`] = `
<div
  class="Navbar__Div-sc-1gagrsy-0"
/>
`;
