// Jest Snapshot v1, https://goo.gl/fbAQLP

exports[`<SearchResult  /> should match snapshot 1`] = `null`;
