// Jest Snapshot v1, https://goo.gl/fbAQLP

exports[`<WindSpeedDirection  /> should match snapshot 1`] = `null`;
