// Jest Snapshot v1, https://goo.gl/fbAQLP

exports[`<Favorites  /> should match snapshot 1`] = `
<div
  class="Favorites__Div-sc-h4y3yf-0"
/>
`;
